\BOOKMARK [-1][]{thuchapter.1.-1}{\376\377\127\372\116\216\147\324\140\047\226\104\167\100\176\323\147\204\166\204\137\256\127\213\145\340\116\272\147\072\174\373\176\337\213\276\213\241\116\016\150\026\140\157\143\247\122\066\170\024\172\166}{}% 1
\BOOKMARK [0][]{thuchapter.2.0}{\376\377\121\163\116\216\213\272\145\207\117\177\165\050\143\210\147\103\166\204\213\364\146\016}{thuchapter.1.-1}% 2
\BOOKMARK [0][]{thuchapter.3.0}{\376\377\144\130\211\201}{thuchapter.1.-1}% 3
\BOOKMARK [0][]{thuchapter.4.0}{\376\377\000A\000b\000s\000t\000r\000a\000c\000t}{thuchapter.1.-1}% 4
\BOOKMARK [0][]{thuchapter.5.0}{\376\377\166\356\137\125}{thuchapter.1.-1}% 5
\BOOKMARK [0][]{thuchapter.6.0}{\376\377\143\322\126\376\156\005\123\125}{thuchapter.1.-1}% 6
\BOOKMARK [0][]{thuchapter.7.0}{\376\377\226\104\210\150\156\005\123\125}{thuchapter.1.-1}% 7
\BOOKMARK [0][]{thuchapter.8.0}{\376\377\173\046\123\367\124\214\177\051\165\145\213\355\213\364\146\016}{thuchapter.1.-1}% 8
\BOOKMARK [0][]{chapter.1}{\376\377\173\054\0001\172\340\000\040\176\352\213\272}{thuchapter.1.-1}% 9
\BOOKMARK [1][-]{section.1.1}{\376\377\0001\000.\0001\000\040\170\024\172\166\200\314\146\157\123\312\141\017\116\111}{chapter.1}% 10
\BOOKMARK [1][-]{section.1.2}{\376\377\0001\000.\0002\000\040\126\375\121\205\131\026\170\024\172\166\163\260\162\266}{chapter.1}% 11
\BOOKMARK [2][-]{subsection.1.2.1}{\376\377\0001\000.\0002\000.\0001\000\040\150\026\140\157\176\323\147\204\166\204\213\276\213\241}{section.1.2}% 12
\BOOKMARK [3][-]{subsubsection.1.2.1.1}{\376\377\0001\000.\0002\000.\0001\000.\0001\000\040\163\260\147\011\150\026\140\157\176\323\147\204\213\276\213\241}{subsection.1.2.1}% 13
\BOOKMARK [3][-]{subsubsection.1.2.1.2}{\376\377\0001\000.\0002\000.\0001\000.\0002\000\040\127\372\116\216\165\065\155\101\123\330\155\262\377\010\000V\000S\000E\000R\000F\377\011\166\204\150\026\140\157\176\323\147\204\213\276\213\241}{subsection.1.2.1}% 14
\BOOKMARK [2][-]{subsection.1.2.2}{\376\377\0001\000.\0002\000.\0002\000\040\145\340\116\272\147\072\143\247\122\066\174\373\176\337\166\204\213\276\213\241}{section.1.2}% 15
\BOOKMARK [2][-]{subsection.1.2.3}{\376\377\0001\000.\0002\000.\0003\000\040\137\123\122\115\170\024\172\166\133\130\127\050\166\204\225\356\230\230}{section.1.2}% 16
\BOOKMARK [1][-]{section.1.3}{\376\377\0001\000.\0003\000\040\170\024\172\166\121\205\133\271\124\214\170\024\172\166\135\345\117\134\213\241\122\022}{chapter.1}% 17
\BOOKMARK [2][-]{subsection.1.3.1}{\376\377\0001\000.\0003\000.\0001\000\040\170\024\172\166\166\356\150\007}{section.1.3}% 18
\BOOKMARK [2][-]{subsection.1.3.2}{\376\377\0001\000.\0003\000.\0002\000\040\170\024\172\166\140\035\215\357}{section.1.3}% 19
\BOOKMARK [2][-]{subsection.1.3.3}{\376\377\0001\000.\0003\000.\0003\000\040\135\345\117\134\217\333\136\246\213\241\122\022}{section.1.3}% 20
\BOOKMARK [0][]{chapter.2}{\376\377\173\054\0002\172\340\000\040\145\340\116\272\147\072\123\312\150\026\140\157\210\305\177\156\174\373\176\337\144\055\136\372}{thuchapter.1.-1}% 21
\BOOKMARK [1][-]{section.2.1}{\376\377\0002\000.\0001\000\040\145\340\116\272\147\072\174\373\176\337\144\055\136\372}{chapter.2}% 22
\BOOKMARK [2][-]{subsection.2.1.1}{\376\377\0002\000.\0001\000.\0001\000\040\145\340\116\272\147\072\213\276\213\241\123\237\122\031\123\312\143\021\142\030}{section.2.1}% 23
\BOOKMARK [2][-]{subsection.2.1.2}{\376\377\0002\000.\0001\000.\0002\000\040\145\340\116\272\147\072\147\054\117\123\147\072\150\260\176\323\147\204\213\276\213\241}{section.2.1}% 24
\BOOKMARK [2][-]{subsection.2.1.3}{\376\377\0002\000.\0001\000.\0003\000\040\145\340\116\272\147\072\166\370\121\163\176\323\147\204\213\276\213\241}{section.2.1}% 25
\BOOKMARK [3][-]{subsubsection.2.1.3.1}{\376\377\0002\000.\0001\000.\0003\000.\0001\000\040\145\340\116\272\147\072\127\372\136\247\213\276\213\241}{subsection.2.1.3}% 26
\BOOKMARK [3][-]{subsubsection.2.1.3.2}{\376\377\0002\000.\0001\000.\0003\000.\0002\000\040\000V\000S\000E\000R\000F\145\057\147\266\213\276\213\241}{subsection.2.1.3}% 27
\BOOKMARK [1][-]{section.2.2}{\376\377\0002\000.\0002\000\040\150\026\140\157\210\305\177\156\174\373\176\337\226\306\142\020}{chapter.2}% 28
\BOOKMARK [2][-]{subsection.2.2.1}{\376\377\0002\000.\0002\000.\0001\000\040\147\324\140\047\236\317\226\104\176\323\147\204\000\040\000V\000S\000E\000R\000F\000\040\166\204\122\066\131\007}{section.2.2}% 29
\BOOKMARK [2][-]{subsection.2.2.2}{\376\377\0002\000.\0002\000.\0002\000\040\000V\000S\000E\000R\000F\165\065\215\357\133\236\163\260}{section.2.2}% 30
\BOOKMARK [1][-]{section.2.3}{\376\377\0002\000.\0003\000\040\127\060\227\142\172\331\210\305\177\156\213\276\213\241}{chapter.2}% 31
\BOOKMARK [1][-]{section.2.4}{\376\377\0002\000.\0004\000\040\147\054\172\340\134\017\176\323}{chapter.2}% 32
\BOOKMARK [0][]{chapter.3}{\376\377\173\054\0003\172\340\000\040\145\340\116\272\147\072\143\247\122\066\174\373\176\337\147\204\136\372}{thuchapter.1.-1}% 33
\BOOKMARK [1][-]{section.3.1}{\376\377\0003\000.\0001\000\040\116\377\167\037\163\257\130\203\155\113\213\325}{chapter.3}% 34
\BOOKMARK [2][-]{subsection.3.1.1}{\376\377\0003\000.\0001\000.\0001\000\040\116\377\167\037\136\163\123\360\144\055\136\372}{section.3.1}% 35
\BOOKMARK [2][-]{subsection.3.1.2}{\376\377\0003\000.\0001\000.\0002\000\040\116\377\167\037\176\323\147\234}{section.3.1}% 36
\BOOKMARK [1][-]{section.3.2}{\376\377\0003\000.\0002\000\040\211\306\211\311\117\072\147\015\174\373\176\337\166\204\133\236\163\260}{chapter.3}% 37
\BOOKMARK [2][-]{subsection.3.2.1}{\376\377\0003\000.\0002\000.\0001\000\040\211\306\211\311\141\037\167\345\116\016\166\370\147\072\121\340\117\125\150\007\133\232\173\241\176\277}{section.3.2}% 38
\BOOKMARK [2][-]{subsection.3.2.2}{\376\377\0003\000.\0002\000.\0002\000\040\127\372\116\216\000\040\000A\000p\000r\000i\000l\000T\000a\000g\000\040\166\204\211\306\211\311\155\113\215\335\145\271\154\325}{section.3.2}% 39
\BOOKMARK [2][-]{subsection.3.2.3}{\376\377\0003\000.\0002\000.\0003\000\040\000A\000p\000r\000i\000l\000T\000a\000g\155\113\221\317\127\050\136\163\227\142\116\016\155\361\136\246\145\271\124\021\166\204\123\357\211\302\155\113\140\047\135\356\137\002\122\006\147\220}{section.3.2}% 40
\BOOKMARK [3][-]{subsubsection.3.2.3.1}{\376\377\0003\000.\0002\000.\0003\000.\0001\000\040\211\302\155\113\152\041\127\213\116\016\176\277\140\047\123\026}{subsection.3.2.3}% 41
\BOOKMARK [3][-]{subsubsection.3.2.3.2}{\376\377\0003\000.\0002\000.\0003\000.\0002\000\040\136\163\227\142\145\271\124\021\166\204\202\157\131\175\147\141\116\366\140\047}{subsection.3.2.3}% 42
\BOOKMARK [3][-]{subsubsection.3.2.3.3}{\376\377\0003\000.\0002\000.\0003\000.\0003\000\040\155\361\136\246\145\271\124\021\166\204\137\061\123\357\211\302\155\113\140\047\116\016\220\000\123\026}{subsection.3.2.3}% 43
\BOOKMARK [1][-]{section.3.3}{\376\377\0003\000.\0003\000\040\145\340\116\272\147\072\133\236\147\072\143\247\122\066\126\150}{chapter.3}% 44
\BOOKMARK [2][-]{subsection.3.3.1}{\376\377\0003\000.\0003\000.\0001\000\040\145\340\116\272\147\072\143\247\122\066\126\150\123\237\164\006}{section.3.3}% 45
\BOOKMARK [2][-]{subsection.3.3.2}{\376\377\0003\000.\0003\000.\0002\000\040\145\340\116\272\147\072\131\377\140\001\143\247\122\066\126\150}{section.3.3}% 46
\BOOKMARK [3][-]{subsubsection.3.3.2.1}{\376\377\0003\000.\0003\000.\0002\000.\0001\000\040\131\377\140\001\143\247\122\066\126\150\172\063\133\232\140\047\122\006\147\220}{subsection.3.3.2}% 47
\BOOKMARK [2][-]{subsection.3.3.3}{\376\377\0003\000.\0003\000.\0003\000\040\145\340\116\272\147\072\211\306\211\311\117\072\147\015\143\247\122\066\126\150}{section.3.3}% 48
\BOOKMARK [1][-]{section.3.4}{\376\377\0003\000.\0004\000\040\147\054\172\340\134\017\176\323}{chapter.3}% 49
\BOOKMARK [0][]{chapter.4}{\376\377\173\054\0004\172\340\000\040\150\026\140\157\145\340\116\272\147\072\166\204\143\247\122\066\133\236\232\214\116\016\213\250\213\272}{thuchapter.1.-1}% 50
\BOOKMARK [1][-]{section.4.1}{\376\377\0004\000.\0001\000\040\133\236\232\214\136\163\123\360\170\154\116\366\163\257\130\203\144\055\136\372}{chapter.4}% 51
\BOOKMARK [0][]{chapter.5}{\376\377\173\054\0005\172\340\000\040\140\073\176\323\116\016\134\125\147\033}{thuchapter.1.-1}% 52
\BOOKMARK [1][-]{section.5.1}{\376\377\0005\000.\0001\000\040\116\073\211\201\135\345\117\134\123\312\176\323\213\272}{chapter.5}% 53
\BOOKMARK [1][-]{section.5.2}{\376\377\0005\000.\0002\000\040\170\024\172\166\134\125\147\033}{chapter.5}% 54
\BOOKMARK [0][]{section*.44}{\376\377\123\302\200\003\145\207\163\056}{thuchapter.1.-1}% 55
\BOOKMARK [0][]{appendix.A}{\376\377\226\104\137\125\000\040\000A\000\040\147\054\145\207\177\026\121\231\166\204\150\070\137\303\172\013\136\217\116\343\170\001}{thuchapter.1.-1}% 56
\BOOKMARK [0][]{section*.46}{\376\377\201\364\214\042}{thuchapter.1.-1}% 57
\BOOKMARK [0][]{section*.48}{\376\377\130\360\146\016}{thuchapter.1.-1}% 58
